A	j
A_Abe_Pl	j
A_Abe_Sg	j
A_Abl_Pl	j
A_Abl_Sg	j
A_Ade_Pl	j
A_Ade_Sg	j
A_All_Pl	j
A_All_Sg	j
Abbr	f
A_Com	a
Adp_Po	f
Adp_Pr	f
Adv	r
A_Ela_Pl	a
A_Ela_Sg	a
A_Ess_Pl	a
A_Ess_Sg	a
A_Gen_Pl	a
A_Gen_Sg	a
AgPcp	f
AgPcp_Abe_Sg	f
AgPcp_Abl_Pl	f
AgPcp_Abl_Sg	f
AgPcp_Ade_Pl	f
AgPcp_Ade_Sg	f
AgPcp_All_Pl	f
AgPcp_All_Sg	f
AgPcp_Com	f
AgPcp_Com_Px	f
AgPcp_Ela_Pl	f
AgPcp_Ela_Sg	f
AgPcp_Ess_Pl	f
AgPcp_Ess_Sg	f
AgPcp_Gen_Pl	f
AgPcp_Gen_Sg	f
AgPcp_Ill_Pl	f
AgPcp_Ill_Sg	f
AgPcp_Ine_Pl	f
AgPcp_Ine_Sg	f
AgPcp_Ins_Pl	f
AgPcp_Nom_Pl	f
AgPcp_Nom_Sg	f
AgPcp_Par_Pl	f
AgPcp_Par_Sg	f
AgPcp_Tra_Pl	f
AgPcp_Tra_Sg	f
A_Ill_Pl	a
A_Ill_Sg	a
A_Ine_Pl	a
A_Ine_Sg	a   
A_Ins_Pl	a
A_Interr_Abl_Pl	a
A_Interr_Abl_Sg	a
A_Interr_Ade_Pl	a
A_Interr_Ade_Sg	a
A_Interr_All_Pl	a
A_Interr_All_Sg	a
A_Interr_Ela_Pl	a
A_Interr_Ela_Sg	a
A_Interr_Ess_Pl	a
A_Interr_Ess_Sg	a
A_Interr_Gen_Pl	a
A_Interr_Gen_Sg	a
A_Interr_Ill_Pl	a
A_Interr_Ill_Sg	a
A_Interr_Ine_Pl	a
A_Interr_Ine_Sg	a
A_Interr_Ins_Pl	a
A_Interr_Nom_Pl	a
A_Interr_Nom_Sg	a
A_Interr_Par_Pl	a
A_Interr_Par_Sg	a
A_Interr_Tra_Pl	a
A_Interr_Tra_Sg	a
A_Nom_Pl	a
A_Nom_Sg	a
A_Par_Pl	a
A_Par_Sg	a
A_Prop_Abl_Pl	a
A_Prop_Abl_Sg	a
A_Prop_Ade_Pl	a
A_Prop_Ade_Sg	a
A_Prop_All_Pl	a
A_Prop_All_Sg	a
A_Prop_Com	a
A_Propdv	a
A_Prop_Ela_Pl	a
A_Prop_Ela_Sg	a
A_Prop_Ess_Pl	a
A_Prop_Ess_Sg	a
A_Prop_Gen_Pl	a
A_Prop_Gen_Sg	a
A_Prop_Ill_Pl	a
A_Prop_Ill_Sg	a
A_Prop_Ine_Pl	a
A_Prop_Ine_Sg	a
A_Prop_Nom_Pl	a
A_Prop_Nom_Sg	a
A_Prop_Par_Pl	a
A_Prop_Par_Sg	a
A_Prop_Tra_Pl	a
A_Prop_Tra_Sg	a
A_Rel_Abl_Sg	a
A_Rel_Ade_Pl	a
A_Rel_Ade_Sg	a
A_Rel_All_Pl	a
A_Reldv	a
A_Rel_Ela_Pl	a
A_Rel_Ela_Sg	a
A_Rel_Ess_Pl	a
A_Rel_Ess_Sg	a
A_Rel_Gen_Pl	a
A_Rel_Gen_Sg	a
A_Rel_Ill_Pl	a
A_Rel_Ill_Sg	a
A_Rel_Ine_Sg	a
A_Rel_Nom_Pl	a
A_Rel_Nom_Sg	a
A_Rel_Par_Pl	a
A_Rel_Par_Sg	a
A_Rel_Tra_Pl	a
A_Rel_Tra_Sg	a
A_Tra_Pl	a
A_Tra_Sg	a
CC	f
CS	r
Interj	f
N	n
N_Abe_Pl	n
N_Abe_Sg	n
N_Abl_Pl	n
N_Abl_Sg	n
N_Ade_Pl	n
N_Ade_Sg	n
N_Adv	n
N_All_Pl	n
N_All_Sg	n
N_A_Propbe_Pl	n
N_A_Propbe_Sg	n
N_A_Propbl_Pl	n
N_A_Propbl_Sg	n
N_A_Propde_Pl	n
N_A_Propde_Sg	n
N_A_Propll_Pl	n
N_A_Propll_Sg	n
N_ART	n
N_C	n
N_Com	n
N_Com_PxPl1	n
N_Com_PxPl2	n
N_Com_PxSg1	n
N_Ela_Pl	n
N_Ela_Sg	n
N_Ess_Pl	n
N_Ess_Sg	n
N_Gen	n
N_Gen_Pl	n
N_Gen_Sg	n
N_Ill_Pl	n
N_Ill_Sg	n
N_Ine_Pl	n
N_Ine_Sg	n
N_Ins_Pl	n
N_Nom_Pl	n
N_Nom_Sg	n
NON-TWOL	f
N_Par_Pl	n
N_Par_Sg	n
N_Prop	n
N_Prop_Com	n
N_Prop_Ela_Pl	n
N_Prop_Ela_Sg	n
N_Prop_Ess_Pl	n   
N_Prop_Ess_Sg	n
N_Prop_Gen_Pl	n
N_Prop_Gen_Sg	n
N_Prop_Ill_Pl	n
N_Prop_Ill_Sg	n
N_Prop_Ine_Pl	n
N_Prop_Ine_Sg	n
N_Prop_Ins_Pl	n
N_Prop_Nom_Pl	n
N_Prop_Nom_Sg	n
N_Prop_Par_Pl	n
N_Prop_Par_Sg	n   
N_Prop_Tra_Pl	n
N_Prop_Tra_Sg	n
N_S	n
N_Tra_Pl	n
N_Tra_Sg	n
Num	f
Num_Abe_Sg	f
Num_Abl_Pl	f
Num_Abl_Sg	f
Num_Ade_Pl	f
Num_Ade_Sg	f
Num_All_Pl	f
Num_All_Sg	f
Num_Com	f
Num_Ela_Pl	f
Num_Ela_Sg	f
Num_Ess_Pl	f
Num_Ess_Sg	f
Num_Gen_Pl	f
Num_Gen_Sg	f
Num_Ill_Pl	f
Num_Ill_Sg	f
Num_Ine_Pl	f
Num_Ine_Sg	f
Num_Ins_Pl	f
Num_Nom_Pl	f
Num_Nom_Sg	f
Num_Ord_Abl_Pl	f
Num_Ord_Abl_Sg	f
Num_Ord_Ade_Pl	f
Num_Ord_Ade_Sg	f
Num_Ord_All_Pl	f
Num_Ord_All_Sg	f
Num_Ord_Com	f
Num_Ord_Ela_Pl	f
Num_Ord_Ela_Sg	f
Num_Ord_Ess_Pl	f
Num_Ord_Ess_Sg	f
Num_Ord_Gen_Pl	f
Num_Ord_Gen_Sg	f
Num_Ord_Ill_Pl	f
Num_Ord_Ill_Sg	f
Num_Ord_Ine_Pl	f
Num_Ord_Ine_Sg	f
Num_Ord_Ins_Pl	f
Num_Ord_Nom_Pl	f
Num_Ord_Nom_Sg	f
Num_Ord_Par_Pl	f
Num_Ord_Par_Sg	f
Num_Ord_Tra_Pl	f
Num_Ord_Tra_Sg	f    
Num_Par_Pl	f
Num_Par_Sg	f
Num_Real	f
Num_Tra_Pl	f
Num_Tra_Sg	f
PrfPrc_Act_Abe_Sg	f
PrfPrc_Act_Abl_Pl	f
PrfPrc_Act_Abl_Sg	f
PrfPrc_Act_Ade_Pl	f
PrfPrc_Act_Ade_Sg	f
PrfPrc_Act_Adv	f    
PrfPrc_Act_All_Pl	f
PrfPrc_Act_All_Sg	f
PrfPrc_Act_Com	f
PrfPrc_Act_Ela_Pl	f
PrfPrc_Act_Ela_Sg	f
PrfPrc_Act_Ess_Pl	f
PrfPrc_Act_Ess_Sg	f
PrfPrc_Act_Gen_Pl	f
PrfPrc_Act_Gen_Sg	f
PrfPrc_Act_Ill_Pl	f
PrfPrc_Act_Ill_Sg	f
PrfPrc_Act_Ine_Pl	f
PrfPrc_Act_Ine_Sg	f
PrfPrc_Act_Ins_Pl	f
PrfPrc_Act_Nom_Pl	f
PrfPrc_Act_Nom_Sg	f
PrfPrc_Act_Par_Pl	f
PrfPrc_Act_Par_Sg	f
PrfPrc_Act_Tra_Pl	f
PrfPrc_Act_Tra_Sg	f
PrfPrc_Pass_Abl_Pl	f
PrfPrc_Pass_Abl_Sg	f
PrfPrc_Pass_Ade_Pl	f
PrfPrc_Pass_Ade_Sg	f
PrfPrc_Pass_Adv	f
PrfPrc_Pass_All_Pl	f
PrfPrc_Pass_All_Sg	f
PrfPrc_Pass_Com	f
PrfPrc_Pass_Ela_Pl	f
PrfPrc_Pass_Ela_Sg	f
PrfPrc_Pass_Ess_Pl	f
PrfPrc_Pass_Ess_Sg	f
PrfPrc_Pass_Gen_Pl	f
PrfPrc_Pass_Gen_Sg	f
PrfPrc_Pass_Ill_Pl	f
PrfPrc_Pass_Ill_Sg	f
PrfPrc_Pass_Ine_Pl	f
PrfPrc_Pass_Ine_Sg	f
PrfPrc_Pass_Ins_Pl	f
PrfPrc_Pass_Nom_Pl	f
PrfPrc_Pass_Nom_Sg	f
PrfPrc_Pass_Par_Pl	f
PrfPrc_Pass_Par_Sg	f
PrfPrc_Pass_Tra_Pl	f
PrfPrc_Pass_Tra_Sg	f
PrfPrc_Prop_Act_Ela_Sg	f
PrfPrc_Prop_Act_Gen_Sg	f
PrfPrc_Prop_Act_Ill_Sg	f
PrfPrc_Prop_Act_Nom_Pl	f
PrfPrc_Prop_Act_Nom_Sg	f
PrfPrc_Prop_Pass_Nom_Sg	f
PrfPrc_Real_Act_Nom_Sg	f
PrfPrc_Real_Pass_Gen_Pl	f
PrfPrc_Real_Pass_Nom_Pl	f
PrfPrc_Real_Pass_Nom_Sg	f
PrfPrc_Roman_Pass_Gen_Sg	f
PrfPrc_Roman_Pass_Ine_Pl	f
PrfPrc_Roman_Pass_Nom_Pl	f
PrfPrc_Roman_Pass_Nom_Sg	f
PrfPrc_Roman_Pass_Par_Pl	f
Pron_Abe_Sg	f
Pron_Ade_Sg	f
Pron_A_Interrbl	f
Pron_A_Interrde	f    
Pron_A_Interrll_Sg	f
Pron_A_Relbl	f
Pron_A_Relbl_Pl	f
Pron_A_Relbl_Sg	f
Pron_A_Relcc_Sg	f
Pron_A_Relde	f
Pron_A_Relde_Pl	f
Pron_A_Relde_Sg	f
Pron_A_Relll	f
Pron_A_Relll_Pl	f
Pron_A_Relll_Sg	f
Pron_Dem_Abl_Pl	f
Pron_Dem_Abl_Sg	f
Pron_Dem_Ade_Pl	f
Pron_Dem_Ade_Sg	f
Pron_Dem_All_Pl	f
Pron_Dem_All_Sg	f
Pron_Dem_Com	f
Pron_Dem_Ela_Pl	f
Pron_Dem_Ela_Sg	f
Pron_Dem_Ess_Pl	f
Pron_Dem_Ess_Sg	f
Pron_Dem_Gen_Pl	f
Pron_Dem_Gen_Sg	f
Pron_Dem_Ill_Pl	f
Pron_Dem_Ill_Sg	f
Pron_Dem_Ine_Pl	f
Pron_Dem_Ine_Sg	f
Pron_Dem_Nom_Pl	f
Pron_Dem_Nom_Sg	f
Pron_Dem_Par_Pl	f
Pron_Dem_Par_Sg	f
Pron_Dem_Tra_Pl	f
Pron_Dem_Tra_Sg	f
Pron_Ela_Sg	f
Pron_Ess_Sg	f
Pron_Gen_Sg	f
Pron_Ill_Pl	f
Pron_Indef	f
Pron_Indef_Par_Pl	f
Pron_Interr_Ela	f    
Pron_Interr_Ess_Sg	f
Pron_Interr_Gen	f       
Pron_Interr_Gen_Pl	f
Pron_Interr_Ill	f    
Pron_Interr_Ill_Sg	f
Pron_Interr_Ine	f
Pron_Interr_Nom_Pl	f
Pron_Interr_Nom_Sg	f
Pron_Interr_Par	f
Pron_Interr_Par_Pl	f
Pron_Interr_Par_Sg	f
Pron_Interr_Tra	f 
Pron_Nom_Sg	f
Pron_Par_Sg	f
Pron_Pers_Abl_Pl	f
Pron_Pers_Abl_Sg	f
Pron_Pers_Acc_Pl	f
Pron_Pers_Acc_Sg	f
Pron_Pers_Ade_Pl	f
Pron_Pers_Ade_Sg	f
Pron_Pers_All_Pl	f
Pron_Pers_All_Sg	f
Pron_Pers_Ela_Pl	f
Pron_Pers_Ela_Sg	f
Pron_Pers_Ess_Pl	f
Pron_Pers_Gen_Pl	f
Pron_Pers_Gen_Sg	f
Pron_Pers_Ill_Pl	f
Pron_Pers_Ill_Sg	f
Pron_Pers_Ine_Pl	f
Pron_Pers_Ine_Sg	f
Pron_Pers_Nom_Pl	f
Pron_Pers_Nom_Sg	f
Pron_Pers_Par_Pl	f
Pron_Pers_Par_Sg	f
Pron_Pers_Tra_Sg	f
Pron_Qnt_Abe_Pl	f
Pron_Qnt_Abe_Sg	f
Pron_Qnt_Abl_Pl	f
Pron_Qnt_Abl_Sg	f
Pron_Qnt_Ade_Pl	f
Pron_Qnt_Ade_Sg	f
Pron_Qnt_All_Pl	f
Pron_Qnt_All_Sg	f
Pron_Qnt_Com	f
Pron_Qnt_Ela_Pl	f
Pron_Qnt_Ela_Sg	f
Pron_Qnt_Ess_Pl	f
Pron_Qnt_Ess_Sg	f
Pron_Qnt_Gen_Pl	f
Pron_Qnt_Gen_Sg	f
Pron_Qnt_Ill_Pl	f
Pron_Qnt_Ill_Sg	f
Pron_Qnt_Ine_Pl	f
Pron_Qnt_Ine_Sg	f
Pron_Qnt_Ins_Pl	f
Pron_Qnt_Nom	f
Pron_Qnt_Nom_Pl	f
Pron_Qnt_Nom_Sg	f
Pron_Qnt_Par_Pl	f
Pron_Qnt_Par_Sg	f
Pron_Qnt_Tra_Pl	f
Pron_Qnt_Tra_Sg	f
Pron_Refl_Abl_Sg	f
Pron_Refl_Ade_Sg	f
Pron_Refl_All_Sg	f
Pron_Refl_Ela_Sg	f
Pron_Refl_Ess_Sg	f
Pron_Refl_Gen_Sg	f
Pron_Refl_Ill_Sg	f
Pron_Refl_Ine_Sg	f
Pron_Refl_Nom_Pl	f
Pron_Refl_Nom_Sg	f
Pron_Refl_Par_Sg	f
Pron_Refl_Tra_Sg	f
Pron_Rel_Ela	f
Pron_Rel_Ela_Pl	f
Pron_Rel_Ela_Sg	f
Pron_Rel_Ess	f
Pron_Rel_Ess_Pl	f
Pron_Rel_Ess_Sg	f
Pron_Rel_Gen	f
Pron_Rel_Gen_Pl	f
Pron_Rel_Gen_Sg	f
Pron_Rel_Ill	f
Pron_Rel_Ill_Pl	f
Pron_Rel_Ill_Sg	f
Pron_Rel_Ine	f
Pron_Rel_Ine_Pl	f
Pron_Rel_Ine_Sg	f
Pron_Rel_Nom_Pl	f
Pron_Rel_Nom_Sg	f
Pron_Rel_Par	f
Pron_Rel_Par_Pl	f
Pron_Rel_Par_Sg	f
Pron_Rel_Tra	f
Pron_Rel_Tra_Sg	f    
Pron_Tra_Sg	f
PrsPrc_Act_Abl_Pl	f
PrsPrc_Act_Abl_Sg	f
PrsPrc_Act_Ade_Pl	f
PrsPrc_Act_Ade_Sg	f
PrsPrc_Act_Adv	f
PrsPrc_Act_All_Pl	f
PrsPrc_Act_All_Sg	f
PrsPrc_Act_Com	f
PrsPrc_Act_Ela_Pl	f
PrsPrc_Act_Ela_Sg	f
PrsPrc_Act_Ess_Pl	f
PrsPrc_Act_Ess_Sg	f
PrsPrc_Act_Gen_Pl	f
PrsPrc_Act_Gen_Sg	f
PrsPrc_Act_Ill_Pl	f
PrsPrc_Act_Ill_Sg	f
PrsPrc_Act_Ine_Pl	f
PrsPrc_Act_Ine_Sg	f
PrsPrc_Act_Ins_Pl	f
PrsPrc_Act_Nom_Pl	f
PrsPrc_Act_Nom_Sg	f
PrsPrc_Act_Par_Pl	f
PrsPrc_Act_Par_Sg	f
PrsPrc_Act_Tra_Pl	f
PrsPrc_Act_Tra_Sg	f
PrsPrc_Pass_Abl_Pl	f
PrsPrc_Pass_Abl_Sg	f
PrsPrc_Pass_Ade_Pl	f
PrsPrc_Pass_Ade_Sg	f
PrsPrc_Pass_Adv	f
PrsPrc_Pass_All_Pl	f
PrsPrc_Pass_All_Sg	f
PrsPrc_Pass_Com	f
PrsPrc_Pass_Ela_Pl	f
PrsPrc_Pass_Ela_Sg	f
PrsPrc_Pass_Ess_Pl	f
PrsPrc_Pass_Ess_Sg	f
PrsPrc_Pass_Gen_Pl	f
PrsPrc_Pass_Gen_Sg	f
PrsPrc_Pass_Ill_Pl	f
PrsPrc_Pass_Ill_Sg	f
PrsPrc_Pass_Ine_Pl	f
PrsPrc_Pass_Ine_Sg	f
PrsPrc_Pass_Ins_Pl	f
PrsPrc_Pass_Nom_Pl	f
PrsPrc_Pass_Nom_Sg	f
PrsPrc_Pass_Par_Pl	f
PrsPrc_Pass_Par_Sg	f
PrsPrc_Pass_Tra_Pl	f
PrsPrc_Pass_Tra_Sg	f
PrsPrc_Prop_Act_Ade_Pl	f
PrsPrc_Prop_Pass_Nom_Sg	f
Punct	p
SENT	p
V_Cond_Act_ConNeg	v
V_Cond_Act_Pl1	v
V_Cond_Act_Pl2	v
V_Cond_Act_Pl3	v
V_Cond_Act_Sg1	v
V_Cond_Act_Sg2	v
V_Cond_Act_Sg3	v
V_Cond_Pass_ConNeg	v
V_Cond_Pass_Pe4	v
V_Imprt_Act_ConNeg	v
V_Imprt_Act_Pl1	v
V_Imprt_Act_Pl2	v
V_Imprt_Act_Pl3	v
V_Imprt_Act_Sg2	v
V_Imprt_Act_Sg3	v
V_Imprt_Pass_ConNeg	v
V_Imprt_Pass_Pe4	v
V_Inf1_Lat	v
V_Inf1_Tra	v
V_Inf1_Tra_PxPl1	v
V_Inf1_Tra_PxPl2	v
V_Inf1_Tra_PxSg1	v
V_Inf1_Tra_PxSg2	v
V_Inf2_Act	v
V_Inf2_Act_Ine	v
V_Inf2_Act_Ine_PxPl1	v
V_Inf2_Act_Ine_PxPl2	v
V_Inf2_Act_Ine_PxSg1	v
V_Inf2_Act_Ine_PxSg2	v
V_Inf2_Act_Ins	v
V_Inf2_Act_Ins_PxPl1	v
V_Inf2_Act_Ins_PxPl2	v
V_Inf2_Act_Ins_PxSg1	v
V_Inf2_Pass_Ine	v
V_Inf3_Abe	v
V_Inf3_Abe_PxPl1	v
V_Inf3_Abe_PxPl2	v
V_Inf3_Abe_PxSg1	v
V_Inf3_Act_Ins	v
V_Inf3_Ade	v
V_Inf3_Ela	v
V_Inf3_Ill	v
V_Inf3_Ine	v
V_Inf3_Pass_Ins	v
V_INF5	v
V_INF5_PxPl1	v
V_INF5_PxPl2	v
V_INF5_PxSg1	v
V_Neg_Imprt_Act_Pl1	v
V_Neg_Imprt_Act_Pl2	v
V_Neg_Imprt_Act_Pl3	v
V_Neg_Imprt_Act_Sg2	v
V_Neg_Imprt_Act_Sg3	v
V_Neg_Pl1	v
V_Neg_Pl2	v
V_Neg_Pl3	v
V_Neg_Sg1	v
V_Neg_Sg2	v
V_Neg_Sg3	v
V_Pot_Act_ConNeg	v
V_Pot_Act_Pl1	v
V_Pot_Act_Pl2	v
V_Pot_Act_Pl3	v
V_Pot_Act_Sg1	v
V_Pot_Act_Sg2	v
V_Pot_Act_Sg3	v
V_Pot_Pass_ConNeg	v
V_Pot_Pass_Pe4	v
V_PrfPrc_Act_ConNeg_Pl	v
V_PrfPrc_Act_ConNeg_Sg	v
V_PrfPrc_Act_Pl1	v
V_PrfPrc_Act_Pl2	v
V_PrfPrc_Act_Pl3	
V_PrfPrc_Act_Sg1	v
V_PrfPrc_Act_Sg2	v
V_PrfPrc_Act_Sg3	v
V_PrfPrc_Pass_ConNeg	v
V_PrfPrc_Pass_Pe4	v
V_PrfPrc_Prop_Pass_ConNeg	v
V_PrfPrc_Real_Sg	v
V_PrfPrc_Roman_Pass_ConNeg	v
V_PrfPrc_Sg	v
V_Prop_Cond_Act_Sg3	v
V_Prop_Imprt_Act_Sg2	v
V_Prop_Inf1_Lat	v
V_Prop_Inf2_Act_Ine	v
V_Prop_Inf3_Ade	v
V_Prop_Inf3_Ill	v
V_Prop_Prs_Act_ConNeg	v
V_Prop_Prs_Act_Pl3	v
V_Prop_Prs_Act_Sg1	v
V_Prop_Prs_Act_Sg3	v
V_Prop_Prs_Pass_ConNeg	v
V_Prop_Prs_Pass_Pe4	v
V_Prs_Act_ConNeg	v
V_Prs_Act_Pl1	v
V_Prs_Act_Pl2	
V_Prs_Act_Pl3	v
V_Prs_Act_Sg1	v
V_Prs_Act_Sg2	v
V_Prs_Act_Sg3	v
V_Prs_Act_Sg3_pi	v
V_Prs_Pass_ConNeg	v
V_Prs_Pass_Pe4	v
V_REF_Prs_Act	v
V_REF_Prs_Act_PxPl1	v
V_REF_Prs_Act_PxPl2	v
V_REF_Prs_Act_PxSg1	v
V_REF_Prs_Pass	v
